// Jest Snapshot v1, https://goo.gl/fbAQLP

exports[`Probando el componente <Header/> Deberia mostrar <Header/> correctamente 1`] = `
<header
  className="header delimiter"
>
  <div
    className="headerTop delimiterChild"
  >
    <Link
      className="home"
      onClick={[Function]}
      to="/"
    >
      <div
        className="logo"
        onClick={[MockFunction]}
      >
        <img
          alt="logo"
          src="logoWguest.jpg"
        />
        <h3>
          Un mundo por descubrir
        </h3>
      </div>
    </Link>
    <div
      className="buttons"
    >
      <Link
        to="/create"
      >
        <button
          className={null}
        >
          Crear Cuenta
        </button>
      </Link>
      <Link
        to="/login"
      >
        <button
          className={null}
          onClick={[Function]}
        >
          Iniciar Sesi√≥n
        </button>
      </Link>
    </div>
    <div
      className="user"
    >
      <div
        className="logoName"
      >
        <p />
      </div>
      <div
        className="text"
      >
        <h3
          className="great"
        >
          Hola,
        </h3>
        <h3
          className="name"
        >
           
        </h3>
        <h4
          className="seeFavourite"
          onClick={[MockFunction]}
        >
          Ver favoritos
        </h4>
      </div>
      <div>
        <div
          className="close"
        >
          <a
            href="/"
            onClick={[Function]}
          >
            X
          </a>
           
        </div>
      </div>
    </div>
    <MenuButton
      handleShow={[Function]}
    />
  </div>
  <MenuMobile
    handleFavourite={[MockFunction]}
    handleHide={[Function]}
    handleLogOut={[Function]}
    iniciales={null}
  />
</header>
`;
